[0819/214854.893:ERROR:gpu\command_buffer\service\gles2_cmd_decoder_passthrough.cc:1100] [GroupMarkerNotSet(crbug.com/242999)!:A0802600B4310000]Automatic fallback to software WebGL has been deprecated. Please use the --enable-unsafe-swiftshader (about:flags#enable-unsafe-swiftshader) flag to opt in to lower security guarantees for trusted content.
[0819/214854.958:ERROR:gpu\command_buffer\service\gl_utils.cc:391] [.WebGL-0x5de4031eb800]GL Driver Message (OpenGL, Performance, GL_CLOSE_PATH_NV, High): GPU stall due to ReadPixels
[0819/214855.310:ERROR:gpu\command_buffer\service\gl_utils.cc:391] [.WebGL-0x5de4031eb800]GL Driver Message (OpenGL, Performance, GL_CLOSE_PATH_NV, High): GPU stall due to ReadPixels
[0819/214855.838:ERROR:gpu\command_buffer\service\gl_utils.cc:391] [.WebGL-0x5de4031eb800]GL Driver Message (OpenGL, Performance, GL_CLOSE_PATH_NV, High): GPU stall due to ReadPixels
[0819/214910.042:ERROR:gpu\command_buffer\service\gles2_cmd_decoder_passthrough.cc:1100] [GroupMarkerNotSet(crbug.com/242999)!:A080260004740000]Automatic fallback to software WebGL has been deprecated. Please use the --enable-unsafe-swiftshader (about:flags#enable-unsafe-swiftshader) flag to opt in to lower security guarantees for trusted content.
[0819/214910.084:ERROR:gpu\command_buffer\service\gl_utils.cc:391] [.WebGL-0x1de40064c000]GL Driver Message (OpenGL, Performance, GL_CLOSE_PATH_NV, High): GPU stall due to ReadPixels
[0819/214910.447:ERROR:gpu\command_buffer\service\gl_utils.cc:391] [.WebGL-0x1de40064c000]GL Driver Message (OpenGL, Performance, GL_CLOSE_PATH_NV, High): GPU stall due to ReadPixels
[0819/214910.947:ERROR:gpu\command_buffer\service\gl_utils.cc:391] [.WebGL-0x1de40064c000]GL Driver Message (OpenGL, Performance, GL_CLOSE_PATH_NV, High): GPU stall due to ReadPixels
[0819/220755.198:ERROR:gpu\command_buffer\service\gles2_cmd_decoder_passthrough.cc:1100] [GroupMarkerNotSet(crbug.com/242999)!:A0802400842B0000]Automatic fallback to software WebGL has been deprecated. Please use the --enable-unsafe-swiftshader (about:flags#enable-unsafe-swiftshader) flag to opt in to lower security guarantees for trusted content.
[0819/220755.245:ERROR:gpu\command_buffer\service\gl_utils.cc:391] [.WebGL-0x4dd40342c600]GL Driver Message (OpenGL, Performance, GL_CLOSE_PATH_NV, High): GPU stall due to ReadPixels
[0819/220755.595:ERROR:gpu\command_buffer\service\gl_utils.cc:391] [.WebGL-0x4dd40342c600]GL Driver Message (OpenGL, Performance, GL_CLOSE_PATH_NV, High): GPU stall due to ReadPixels
[0819/220756.079:ERROR:gpu\command_buffer\service\gl_utils.cc:391] [.WebGL-0x4dd40342c600]GL Driver Message (OpenGL, Performance, GL_CLOSE_PATH_NV, High): GPU stall due to ReadPixels
[0819/221219.917:ERROR:gpu\command_buffer\service\gles2_cmd_decoder_passthrough.cc:1100] [GroupMarkerNotSet(crbug.com/242999)!:A08025003C430000]Automatic fallback to software WebGL has been deprecated. Please use the --enable-unsafe-swiftshader (about:flags#enable-unsafe-swiftshader) flag to opt in to lower security guarantees for trusted content.
[0819/221220.002:ERROR:gpu\command_buffer\service\gl_utils.cc:391] [.WebGL-0x4454033b4600]GL Driver Message (OpenGL, Performance, GL_CLOSE_PATH_NV, High): GPU stall due to ReadPixels
[0819/221220.091:ERROR:gpu\command_buffer\service\gles2_cmd_decoder_passthrough.cc:963] ContextResult::kFatalFailure: fail_if_major_perf_caveat + software gl
[0819/221220.099:ERROR:gpu\command_buffer\service\gles2_cmd_decoder_passthrough.cc:1100] [GroupMarkerNotSet(crbug.com/242999)!:A08025003C430000]Automatic fallback to software WebGL has been deprecated. Please use the --enable-unsafe-swiftshader (about:flags#enable-unsafe-swiftshader) flag to opt in to lower security guarantees for trusted content.
[0819/221220.371:ERROR:gpu\command_buffer\service\gl_utils.cc:391] [.WebGL-0x4454033b4600]GL Driver Message (OpenGL, Performance, GL_CLOSE_PATH_NV, High): GPU stall due to ReadPixels
[0819/221220.528:ERROR:gpu\command_buffer\service\gl_utils.cc:391] [.WebGL-0x4454033b4600]GL Driver Message (OpenGL, Performance, GL_CLOSE_PATH_NV, High): GPU stall due to ReadPixels
[0819/221222.303:ERROR:gpu\command_buffer\service\gl_utils.cc:391] [.WebGL-0x4454033b4600]GL Driver Message (OpenGL, Performance, GL_CLOSE_PATH_NV, High): GPU stall due to ReadPixels (this message will no longer repeat)
[0819/221301.309:ERROR:gpu\command_buffer\service\gles2_cmd_decoder_passthrough.cc:1100] [GroupMarkerNotSet(crbug.com/242999)!:A0802600247B0000]Automatic fallback to software WebGL has been deprecated. Please use the --enable-unsafe-swiftshader (about:flags#enable-unsafe-swiftshader) flag to opt in to lower security guarantees for trusted content.
[0819/221301.352:ERROR:gpu\command_buffer\service\gl_utils.cc:391] [.WebGL-0x36e40068a300]GL Driver Message (OpenGL, Performance, GL_CLOSE_PATH_NV, High): GPU stall due to ReadPixels
[0819/221301.458:ERROR:gpu\command_buffer\service\gles2_cmd_decoder_passthrough.cc:963] ContextResult::kFatalFailure: fail_if_major_perf_caveat + software gl
[0819/221301.463:ERROR:gpu\command_buffer\service\gles2_cmd_decoder_passthrough.cc:1100] [GroupMarkerNotSet(crbug.com/242999)!:A0802600247B0000]Automatic fallback to software WebGL has been deprecated. Please use the --enable-unsafe-swiftshader (about:flags#enable-unsafe-swiftshader) flag to opt in to lower security guarantees for trusted content.
[0819/221301.794:ERROR:gpu\command_buffer\service\gl_utils.cc:391] [.WebGL-0x36e40068a300]GL Driver Message (OpenGL, Performance, GL_CLOSE_PATH_NV, High): GPU stall due to ReadPixels
[0819/221301.943:ERROR:gpu\command_buffer\service\gl_utils.cc:391] [.WebGL-0x36e40068a300]GL Driver Message (OpenGL, Performance, GL_CLOSE_PATH_NV, High): GPU stall due to ReadPixels
[0819/221303.619:ERROR:gpu\command_buffer\service\gl_utils.cc:391] [.WebGL-0x36e40068a300]GL Driver Message (OpenGL, Performance, GL_CLOSE_PATH_NV, High): GPU stall due to ReadPixels (this message will no longer repeat)
[0819/234334.011:ERROR:gpu\command_buffer\service\gles2_cmd_decoder_passthrough.cc:1100] [GroupMarkerNotSet(crbug.com/242999)!:A08024000C2D0000]Automatic fallback to software WebGL has been deprecated. Please use the --enable-unsafe-swiftshader (about:flags#enable-unsafe-swiftshader) flag to opt in to lower security guarantees for trusted content.
[0819/234334.057:ERROR:gpu\command_buffer\service\gl_utils.cc:391] [.WebGL-0x1c403500600]GL Driver Message (OpenGL, Performance, GL_CLOSE_PATH_NV, High): GPU stall due to ReadPixels
[0819/234334.117:ERROR:gpu\command_buffer\service\gles2_cmd_decoder_passthrough.cc:963] ContextResult::kFatalFailure: fail_if_major_perf_caveat + software gl
[0819/234334.122:ERROR:gpu\command_buffer\service\gles2_cmd_decoder_passthrough.cc:1100] [GroupMarkerNotSet(crbug.com/242999)!:A0B024000C2D0000]Automatic fallback to software WebGL has been deprecated. Please use the --enable-unsafe-swiftshader (about:flags#enable-unsafe-swiftshader) flag to opt in to lower security guarantees for trusted content.
[0819/234334.168:ERROR:gpu\command_buffer\service\gles2_cmd_decoder_passthrough.cc:963] ContextResult::kFatalFailure: fail_if_major_perf_caveat + software gl
[0819/234334.172:ERROR:gpu\command_buffer\service\gles2_cmd_decoder_passthrough.cc:1100] [GroupMarkerNotSet(crbug.com/242999)!:A0E024000C2D0000]Automatic fallback to software WebGL has been deprecated. Please use the --enable-unsafe-swiftshader (about:flags#enable-unsafe-swiftshader) flag to opt in to lower security guarantees for trusted content.
[0819/234334.566:ERROR:gpu\command_buffer\service\gl_utils.cc:391] [.WebGL-0x1c404b81400]GL Driver Message (OpenGL, Performance, GL_CLOSE_PATH_NV, High): GPU stall due to ReadPixels
[0819/234335.622:ERROR:gpu\command_buffer\service\gl_utils.cc:391] [.WebGL-0x1c404b7c700]GL Driver Message (OpenGL, Performance, GL_CLOSE_PATH_NV, High): GPU stall due to ReadPixels
[0819/234335.644:ERROR:gpu\command_buffer\service\gl_utils.cc:391] [.WebGL-0x1c404b7c700]GL Driver Message (OpenGL, Performance, GL_CLOSE_PATH_NV, High): GPU stall due to ReadPixels (this message will no longer repeat)
[0819/234336.774:ERROR:gpu\command_buffer\service\gles2_cmd_decoder_passthrough.cc:963] ContextResult::kFatalFailure: fail_if_major_perf_caveat + software gl
[0819/234336.780:ERROR:gpu\command_buffer\service\gles2_cmd_decoder_passthrough.cc:1100] [GroupMarkerNotSet(crbug.com/242999)!:A08024000C2D0000]Automatic fallback to software WebGL has been deprecated. Please use the --enable-unsafe-swiftshader (about:flags#enable-unsafe-swiftshader) flag to opt in to lower security guarantees for trusted content.
[0819/234414.722:ERROR:gpu\command_buffer\service\gles2_cmd_decoder_passthrough.cc:1100] [GroupMarkerNotSet(crbug.com/242999)!:A0002800BC5A0000]Automatic fallback to software WebGL has been deprecated. Please use the --enable-unsafe-swiftshader (about:flags#enable-unsafe-swiftshader) flag to opt in to lower security guarantees for trusted content.
[0819/234414.767:ERROR:gpu\command_buffer\service\gl_utils.cc:391] [.WebGL-0x1e9401c68000]GL Driver Message (OpenGL, Performance, GL_CLOSE_PATH_NV, High): GPU stall due to ReadPixels
[0819/234414.881:ERROR:gpu\command_buffer\service\gles2_cmd_decoder_passthrough.cc:963] ContextResult::kFatalFailure: fail_if_major_perf_caveat + software gl
[0819/234414.889:ERROR:gpu\command_buffer\service\gles2_cmd_decoder_passthrough.cc:1100] [GroupMarkerNotSet(crbug.com/242999)!:A0002800BC5A0000]Automatic fallback to software WebGL has been deprecated. Please use the --enable-unsafe-swiftshader (about:flags#enable-unsafe-swiftshader) flag to opt in to lower security guarantees for trusted content.
[0819/234414.932:ERROR:gpu\command_buffer\service\gles2_cmd_decoder_passthrough.cc:963] ContextResult::kFatalFailure: fail_if_major_perf_caveat + software gl
[0819/234414.937:ERROR:gpu\command_buffer\service\gles2_cmd_decoder_passthrough.cc:1100] [GroupMarkerNotSet(crbug.com/242999)!:A0302800BC5A0000]Automatic fallback to software WebGL has been deprecated. Please use the --enable-unsafe-swiftshader (about:flags#enable-unsafe-swiftshader) flag to opt in to lower security guarantees for trusted content.
[0819/234414.967:ERROR:gpu\command_buffer\service\gles2_cmd_decoder_passthrough.cc:963] ContextResult::kFatalFailure: fail_if_major_perf_caveat + software gl
[0819/234414.972:ERROR:gpu\command_buffer\service\gles2_cmd_decoder_passthrough.cc:1100] [GroupMarkerNotSet(crbug.com/242999)!:A0602800BC5A0000]Automatic fallback to software WebGL has been deprecated. Please use the --enable-unsafe-swiftshader (about:flags#enable-unsafe-swiftshader) flag to opt in to lower security guarantees for trusted content.
[0819/234415.238:ERROR:gpu\command_buffer\service\gl_utils.cc:391] [.WebGL-0x1e940068e900]GL Driver Message (OpenGL, Performance, GL_CLOSE_PATH_NV, High): GPU stall due to ReadPixels
[0819/234415.406:ERROR:gpu\command_buffer\service\gl_utils.cc:391] [.WebGL-0x1e940068e900]GL Driver Message (OpenGL, Performance, GL_CLOSE_PATH_NV, High): GPU stall due to ReadPixels
[0819/234417.473:ERROR:gpu\command_buffer\service\gl_utils.cc:391] [.WebGL-0x1e940068e900]GL Driver Message (OpenGL, Performance, GL_CLOSE_PATH_NV, High): GPU stall due to ReadPixels (this message will no longer repeat)
